Archive member included because of file (symbol)

.\CortexM0\ARM_GCC_493\Debug\IR_sensor_controller.a(cyfitter_cfg.o)
                              .\CortexM0\ARM_GCC_493\Debug\Cm0Start.o (cyfitter_cfg)
.\CortexM0\ARM_GCC_493\Debug\IR_sensor_controller.a(CyLib.o)
                              .\CortexM0\ARM_GCC_493\Debug\IR_sensor_controller.a(cyfitter_cfg.o) (CySysClkWriteImoFreq)
.\CortexM0\ARM_GCC_493\Debug\IR_sensor_controller.a(I2C.o)
                              .\CortexM0\ARM_GCC_493\Debug\main.o (I2C_Start)
.\CortexM0\ARM_GCC_493\Debug\IR_sensor_controller.a(I2C_EZI2C.o)
                              .\CortexM0\ARM_GCC_493\Debug\IR_sensor_controller.a(I2C.o) (I2C_EzI2CInit)
.\CortexM0\ARM_GCC_493\Debug\IR_sensor_controller.a(I2C_EZI2C_INT.o)
                              .\CortexM0\ARM_GCC_493\Debug\IR_sensor_controller.a(I2C_EZI2C.o) (I2C_EZI2C_STRETCH_ISR)
.\CortexM0\ARM_GCC_493\Debug\IR_sensor_controller.a(I2C_sda.o)
                              .\CortexM0\ARM_GCC_493\Debug\main.o (I2C_sda_SetDriveMode)
.\CortexM0\ARM_GCC_493\Debug\IR_sensor_controller.a(I2C_scl.o)
                              .\CortexM0\ARM_GCC_493\Debug\main.o (I2C_scl_SetDriveMode)
.\CortexM0\ARM_GCC_493\Debug\IR_sensor_controller.a(ADC.o)
                              .\CortexM0\ARM_GCC_493\Debug\main.o (ADC_Start)
.\CortexM0\ARM_GCC_493\Debug\IR_sensor_controller.a(ADC_INT.o)
                              .\CortexM0\ARM_GCC_493\Debug\IR_sensor_controller.a(ADC.o) (ADC_ISR)
.\CortexM0\ARM_GCC_493\Debug\IR_sensor_controller.a(ADC_IRQ.o)
                              .\CortexM0\ARM_GCC_493\Debug\main.o (ADC_IRQ_Enable)
.\CortexM0\ARM_GCC_493\Debug\IR_sensor_controller.a(EEPROM.o)
                              .\CortexM0\ARM_GCC_493\Debug\main.o (EEPROM_Start)
.\CortexM0\ARM_GCC_493\Debug\IR_sensor_controller.a(Debug_LED_reg.o)
                              .\CortexM0\ARM_GCC_493\Debug\main.o (Debug_LED_reg_Write)
.\CortexM0\ARM_GCC_493\Debug\IR_sensor_controller.a(LCD.o)
                              .\CortexM0\ARM_GCC_493\Debug\main.o (LCD_Start)
.\CortexM0\ARM_GCC_493\Debug\IR_sensor_controller.a(CyBootAsmGnu.o)
                              .\CortexM0\ARM_GCC_493\Debug\IR_sensor_controller.a(CyLib.o) (CyDelayCycles)
.\CortexM0\ARM_GCC_493\Debug\IR_sensor_controller.a(CyFlash.o)
                              .\CortexM0\ARM_GCC_493\Debug\IR_sensor_controller.a(EEPROM.o) (CySysFlashWriteRow)
c:/program files/cypress/psoc creator/3.3/psoc creator/import/gnu/arm/4.9.3/bin/../lib/gcc/arm-none-eabi/4.9.3/armv6-m\libgcc.a(_udivsi3.o)
                              .\CortexM0\ARM_GCC_493\Debug\IR_sensor_controller.a(CyLib.o) (__aeabi_uidiv)
c:/program files/cypress/psoc creator/3.3/psoc creator/import/gnu/arm/4.9.3/bin/../lib/gcc/arm-none-eabi/4.9.3/armv6-m\libgcc.a(_divsi3.o)
                              .\CortexM0\ARM_GCC_493\Debug\Cm0Start.o (__aeabi_idiv)
c:/program files/cypress/psoc creator/3.3/psoc creator/import/gnu/arm/4.9.3/bin/../lib/gcc/arm-none-eabi/4.9.3/armv6-m\libgcc.a(_dvmd_tls.o)
                              c:/program files/cypress/psoc creator/3.3/psoc creator/import/gnu/arm/4.9.3/bin/../lib/gcc/arm-none-eabi/4.9.3/armv6-m\libgcc.a(_udivsi3.o) (__aeabi_idiv0)
c:/program files/cypress/psoc creator/3.3/psoc creator/import/gnu/arm/4.9.3/bin/../lib/gcc/arm-none-eabi/4.9.3/armv6-m\libgcc.a(_aeabi_ldivmod.o)
                              .\CortexM0\ARM_GCC_493\Debug\IR_sensor_controller.a(ADC.o) (__aeabi_ldivmod)
c:/program files/cypress/psoc creator/3.3/psoc creator/import/gnu/arm/4.9.3/bin/../lib/gcc/arm-none-eabi/4.9.3/armv6-m\libgcc.a(_muldi3.o)
                              .\CortexM0\ARM_GCC_493\Debug\IR_sensor_controller.a(ADC.o) (__aeabi_lmul)
c:/program files/cypress/psoc creator/3.3/psoc creator/import/gnu/arm/4.9.3/bin/../lib/gcc/arm-none-eabi/4.9.3/armv6-m\libgcc.a(bpabi.o)
                              c:/program files/cypress/psoc creator/3.3/psoc creator/import/gnu/arm/4.9.3/bin/../lib/gcc/arm-none-eabi/4.9.3/armv6-m\libgcc.a(_aeabi_ldivmod.o) (__gnu_ldivmod_helper)
c:/program files/cypress/psoc creator/3.3/psoc creator/import/gnu/arm/4.9.3/bin/../lib/gcc/arm-none-eabi/4.9.3/armv6-m\libgcc.a(divsf3.o)
                              .\CortexM0\ARM_GCC_493\Debug\IR_sensor_controller.a(ADC.o) (__aeabi_fdiv)
c:/program files/cypress/psoc creator/3.3/psoc creator/import/gnu/arm/4.9.3/bin/../lib/gcc/arm-none-eabi/4.9.3/armv6-m\libgcc.a(mulsf3.o)
                              .\CortexM0\ARM_GCC_493\Debug\IR_sensor_controller.a(ADC.o) (__aeabi_fmul)
c:/program files/cypress/psoc creator/3.3/psoc creator/import/gnu/arm/4.9.3/bin/../lib/gcc/arm-none-eabi/4.9.3/armv6-m\libgcc.a(floatsisf.o)
                              .\CortexM0\ARM_GCC_493\Debug\IR_sensor_controller.a(ADC.o) (__aeabi_i2f)
c:/program files/cypress/psoc creator/3.3/psoc creator/import/gnu/arm/4.9.3/bin/../lib/gcc/arm-none-eabi/4.9.3/armv6-m\libgcc.a(_clzsi2.o)
[...]
Memory Configuration

Name             Origin             Length             Attributes
rom              0x00000000         0x00008000         xr
ram              0x20000000         0x00001000         xrw
*default*        0x00000000         0xffffffff

Linker script and memory map

LOAD c:/program files/cypress/psoc creator/3.3/psoc creator/import/gnu/arm/4.9.3/bin/../lib/gcc/arm-none-eabi/4.9.3/armv6-m/crti.o
LOAD c:/program files/cypress/psoc creator/3.3/psoc creator/import/gnu/arm/4.9.3/bin/../lib/gcc/arm-none-eabi/4.9.3/armv6-m/crtbegin.o
LOAD c:/program files/cypress/psoc creator/3.3/psoc creator/import/gnu/arm/4.9.3/bin/../lib/gcc/arm-none-eabi/4.9.3/../../../../arm-none-eabi/lib/armv6-m/crt0.o
START GROUP
LOAD .\CortexM0\ARM_GCC_493\Debug\main.o
LOAD .\CortexM0\ARM_GCC_493\Debug\cybootloader.o
LOAD .\CortexM0\ARM_GCC_493\Debug\cymetadata.o
LOAD .\CortexM0\ARM_GCC_493\Debug\Cm0Start.o
LOAD .\CortexM0\ARM_GCC_493\Debug\IR_sensor_controller.a
LOAD C:\Program Files\Cypress\PSoC Creator\3.3\PSoC Creator\psoc\content\cycomponentlibrary\CyComponentLibrary.cylib\CortexM0\ARM_GCC_493\Debug\CyComponentLibrary.a
END GROUP
START GROUP
LOAD c:/program files/cypress/psoc creator/3.3/psoc creator/import/gnu/arm/4.9.3/bin/../lib/gcc/arm-none-eabi/4.9.3/armv6-m\libgcc.a
LOAD c:/program files/cypress/psoc creator/3.3/psoc creator/import/gnu/arm/4.9.3/bin/../lib/gcc/arm-none-eabi/4.9.3/../../../../arm-none-eabi/lib/armv6-m\libg_nano.a
LOAD c:/program files/cypress/psoc creator/3.3/psoc creator/import/gnu/arm/4.9.3/bin/../lib/gcc/arm-none-eabi/4.9.3/../../../../arm-none-eabi/lib/armv6-m\libc_nano.a
END GROUP
START GROUP
LOAD c:/program files/cypress/psoc creator/3.3/psoc creator/import/gnu/arm/4.9.3/bin/../lib/gcc/arm-none-eabi/4.9.3/armv6-m\libgcc.a
LOAD c:/program files/cypress/psoc creator/3.3/psoc creator/import/gnu/arm/4.9.3/bin/../lib/gcc/arm-none-eabi/4.9.3/../../../../arm-none-eabi/lib/armv6-m\libc_nano.a
END GROUP
LOAD c:/program files/cypress/psoc creator/3.3/psoc creator/import/gnu/arm/4.9.3/bin/../lib/gcc/arm-none-eabi/4.9.3/armv6-m/crtend.o
LOAD c:/program files/cypress/psoc creator/3.3/psoc creator/import/gnu/arm/4.9.3/bin/../lib/gcc/arm-none-eabi/4.9.3/armv6-m/crtn.o
START GROUP
LOAD c:/program files/cypress/psoc creator/3.3/psoc creator/import/gnu/arm/4.9.3/bin/../lib/gcc/arm-none-eabi/4.9.3/armv6-m\libgcc.a
LOAD c:/program files/cypress/psoc creator/3.3/psoc creator/import/gnu/arm/4.9.3/bin/../lib/gcc/arm-none-eabi/4.9.3/../../../../arm-none-eabi/lib/armv6-m\libc.a
LOAD c:/program files/cypress/psoc creator/3.3/psoc creator/import/gnu/arm/4.9.3/bin/../lib/gcc/arm-none-eabi/4.9.3/../../../../arm-none-eabi/lib/armv6-m\libnosys.a
END GROUP
                0x00000000                CY_APPL_ORIGIN = 0x0
                0x00000080                CY_FLASH_ROW_SIZE = 0x80
                0x00000001                CY_APPL_NUM = 0x1
                0x00000040                CY_METADATA_SIZE = 0x40
                0x200001e0                PROVIDE (__cy_heap_start, _end)
                0x00000001                PROVIDE (__cy_region_num, ((__cy_regions_end - __cy_regions) / 0x10))
                0x20001000                PROVIDE (__cy_stack, (ORIGIN (ram) + 0x1000))
                0x20000c00                PROVIDE (__cy_heap_end, (__cy_stack - 0x400))

.cybootloader   0x00000000     0x1100
 *(.cybootloader)
 .cybootloader  0x00000000     0x1100 .\CortexM0\ARM_GCC_493\Debug\cybootloader.o
                0x00000000                cy_bootloader
                0x00001100                appl1_start = CY_APPL_ORIGIN?CY_APPL_ORIGIN:ALIGN (CY_FLASH_ROW_SIZE)
                0x00004800                appl2_start = (appl1_start + ALIGN ((((0x8000 - appl1_start) - (0x2 * CY_FLASH_ROW_SIZE)) / 0x2), CY_FLASH_ROW_SIZE))
                0x00001100                appl_start = (CY_APPL_NUM == 0x1)?appl1_start:appl2_start

.text           0x00001100     0x2236
 CREATE_OBJECT_SYMBOLS
                0x00001100                PROVIDE (__cy_interrupt_vector, RomVectors)
 *(.romvectors)
 .romvectors    0x00001100       0x10 .\CortexM0\ARM_GCC_493\Debug\Cm0Start.o
                0x00001100                RomVectors
                0x00000001                ASSERT ((. != __cy_interrupt_vector), No interrupt vector)
                0x00000001                ASSERT (CY_APPL_ORIGIN?(SIZEOF (.cybootloader) <= CY_APPL_ORIGIN):0x1, Wrong image location)
                0x00001110                PROVIDE (__cy_reset, Reset)
 *(.text.Reset)
 .text.Reset    0x00001110       0x14 .\CortexM0\ARM_GCC_493\Debug\Cm0Start.o
                0x00001110                Reset
                0x00000001                ASSERT ((. != __cy_reset), No reset code)
 *(.psocinit)
 .psocinit      0x00001124      0x204 .\CortexM0\ARM_GCC_493\Debug\IR_sensor_controller.a(cyfitter_cfg.o)
                0x000011a8                cyfitter_cfg
                0x00001328                . = MAX (., 0x100)
 *(.text .text.* .gnu.linkonce.t.*)
 .text          0x00001328       0x60 c:/program files/cypress/psoc creator/3.3/psoc creator/import/gnu/arm/4.9.3/bin/../lib/gcc/arm-none-eabi/4.9.3/armv6-m/crtbegin.o
 .text.main     0x00001388      0x23c .\CortexM0\ARM_GCC_493\Debug\main.o
                0x00001388                main
 .text.IntDefaultHandler
                0x000015c4        0x8 .\CortexM0\ARM_GCC_493\Debug\Cm0Start.o
                0x000015c4                IntDefaultHandler
 .text._sbrk    0x000015cc       0x54 .\CortexM0\ARM_GCC_493\Debug\Cm0Start.o
                0x000015cc                _sbrk
 .text.Start_c  0x00001620       0x98 .\CortexM0\ARM_GCC_493\Debug\Cm0Start.o
                0x00001620                Start_c
 .text.initialize_psoc
                0x000016b8       0x74 .\CortexM0\ARM_GCC_493\Debug\Cm0Start.o
                0x000016b8                initialize_psoc
 .text.CYMEMZERO
                0x0000172c       0x20 .\CortexM0\ARM_GCC_493\Debug\IR_sensor_controller.a(cyfitter_cfg.o)
 .text.cfg_write_bytes32
                0x0000174c       0x80 .\CortexM0\ARM_GCC_493\Debug\IR_sensor_controller.a(cyfitter_cfg.o)
 .text.AnalogSetDefault
                0x000017cc       0x1c .\CortexM0\ARM_GCC_493\Debug\IR_sensor_controller.a(cyfitter_cfg.o)
 .text.CySysClkWriteImoFreq
                0x000017e8      0x1e0 .\CortexM0\ARM_GCC_493\Debug\IR_sensor_controller.a(CyLib.o)
                0x000017e8                CySysClkWriteImoFreq
 .text.CyIntSetVector
                0x000019c8       0x4c .\CortexM0\ARM_GCC_493\Debug\IR_sensor_controller.a(CyLib.o)
                0x000019c8                CyIntSetVector
 .text.CyIntSetPriority
                0x00001a14       0xa8 .\CortexM0\ARM_GCC_493\Debug\IR_sensor_controller.a(CyLib.o)
                0x00001a14                CyIntSetPriority
 .text.CyIntEnable
                0x00001abc       0x28 .\CortexM0\ARM_GCC_493\Debug\IR_sensor_controller.a(CyLib.o)
                0x00001abc                CyIntEnable
 .text.CyIntDisable
                0x00001ae4       0x28 .\CortexM0\ARM_GCC_493\Debug\IR_sensor_controller.a(CyLib.o)
                0x00001ae4                CyIntDisable
 .text.CyHalt   0x00001b0c       0x14 .\CortexM0\ARM_GCC_493\Debug\IR_sensor_controller.a(CyLib.o)
                0x00001b0c                CyHalt
 .text.CyDelay  0x00001b20       0x48 .\CortexM0\ARM_GCC_493\Debug\IR_sensor_controller.a(CyLib.o)
                0x00001b20                CyDelay
 .text.CyDelayUs
                0x00001b68       0x28 .\CortexM0\ARM_GCC_493\Debug\IR_sensor_controller.a(CyLib.o)
                0x00001b68                CyDelayUs
 .text.I2C_Init
                0x00001b90        0xc .\CortexM0\ARM_GCC_493\Debug\IR_sensor_controller.a(I2C.o)
                0x00001b90                I2C_Init
 .text.I2C_Enable
                0x00001b9c       0x24 .\CortexM0\ARM_GCC_493\Debug\IR_sensor_controller.a(I2C.o)
                0x00001b9c                I2C_Enable
 .text.I2C_Start
                0x00001bc0       0x24 .\CortexM0\ARM_GCC_493\Debug\IR_sensor_controller.a(I2C.o)
                0x00001bc0                I2C_Start
 .text.I2C_ScbEnableIntr
                0x00001be4       0x10 .\CortexM0\ARM_GCC_493\Debug\IR_sensor_controller.a(I2C.o)
 .text.I2C_ScbModePostEnable
                0x00001bf4        0x8 .\CortexM0\ARM_GCC_493\Debug\IR_sensor_controller.a(I2C.o)
 .text.I2C_I2CSlaveNackGeneration
                0x00001bfc       0x50 .\CortexM0\ARM_GCC_493\Debug\IR_sensor_controller.a(I2C.o)
                0x00001bfc                I2C_I2CSlaveNackGeneration
 .text.I2C_EzI2CInit
                0x00001c4c       0xec .\CortexM0\ARM_GCC_493\Debug\IR_sensor_controller.a(I2C_EZI2C.o)
                0x00001c4c                I2C_EzI2CInit
 .text.I2C_EzI2CSetBuffer1
                0x00001d38       0x48 .\CortexM0\ARM_GCC_493\Debug\IR_sensor_controller.a(I2C_EZI2C.o)
                0x00001d38                I2C_EzI2CSetBuffer1
 .text.I2C_EZI2C_STRETCH_ISR
                0x00001d80      0x454 .\CortexM0\ARM_GCC_493\Debug\IR_sensor_controller.a(I2C_EZI2C_INT.o)
                0x00001d80                I2C_EZI2C_STRETCH_ISR
 .text.I2C_sda_SetDriveMode
                0x000021d4       0x30 .\CortexM0\ARM_GCC_493\Debug\IR_sensor_controller.a(I2C_sda.o)
                0x000021d4                I2C_sda_SetDriveMode
 .text.I2C_scl_SetDriveMode
                0x00002204       0x30 .\CortexM0\ARM_GCC_493\Debug\IR_sensor_controller.a(I2C_scl.o)
                0x00002204                I2C_scl_SetDriveMode
 .text.ADC_Start
                0x00002234       0x24 .\CortexM0\ARM_GCC_493\Debug\IR_sensor_controller.a(ADC.o)
                0x00002234                ADC_Start
 .text.ADC_Init
                0x00002258      0x1f0 .\CortexM0\ARM_GCC_493\Debug\IR_sensor_controller.a(ADC.o)
                0x00002258                ADC_Init
 .text.ADC_Enable
                0x00002448       0x28 .\CortexM0\ARM_GCC_493\Debug\IR_sensor_controller.a(ADC.o)
                0x00002448                ADC_Enable
 .text.ADC_StartConvert
                0x00002470       0x1c .\CortexM0\ARM_GCC_493\Debug\IR_sensor_controller.a(ADC.o)
                0x00002470                ADC_StartConvert
 .text.ADC_GetResult16
                0x0000248c       0x44 .\CortexM0\ARM_GCC_493\Debug\IR_sensor_controller.a(ADC.o)
                0x0000248c                ADC_GetResult16
 .text.ADC_ISR  0x000024d0       0x9c .\CortexM0\ARM_GCC_493\Debug\IR_sensor_controller.a(ADC_INT.o)
                0x000024d0                ADC_ISR
 .text.ADC_IRQ_Enable
                0x0000256c       0x14 .\CortexM0\ARM_GCC_493\Debug\IR_sensor_controller.a(ADC_IRQ.o)
                0x0000256c                ADC_IRQ_Enable
 .text.EEPROM_Start
                0x00002580        0x8 .\CortexM0\ARM_GCC_493\Debug\IR_sensor_controller.a(EEPROM.o)
                0x00002580                EEPROM_Start
 .text.Debug_LED_reg_Write
                0x00002588       0x20 .\CortexM0\ARM_GCC_493\Debug\IR_sensor_controller.a(Debug_LED_reg.o)
                0x00002588                Debug_LED_reg_Write
 .text.LCD_Init
                0x000025a8       0x70 .\CortexM0\ARM_GCC_493\Debug\IR_sensor_controller.a(LCD.o)
                0x000025a8                LCD_Init
 .text.LCD_Enable
                0x00002618       0x18 .\CortexM0\ARM_GCC_493\Debug\IR_sensor_controller.a(LCD.o)
                0x00002618                LCD_Enable
 .text.LCD_Start
                0x00002630       0x24 .\CortexM0\ARM_GCC_493\Debug\IR_sensor_controller.a(LCD.o)
                0x00002630                LCD_Start
 .text.LCD_Position
                0x00002654       0x74 .\CortexM0\ARM_GCC_493\Debug\IR_sensor_controller.a(LCD.o)
                0x00002654                LCD_Position
 .text.LCD_PrintString
                0x000026c8       0x58 .\CortexM0\ARM_GCC_493\Debug\IR_sensor_controller.a(LCD.o)
                0x000026c8                LCD_PrintString
 .text.LCD_WriteData
                0x00002720       0x48 .\CortexM0\ARM_GCC_493\Debug\IR_sensor_controller.a(LCD.o)
                0x00002720                LCD_WriteData
 .text.LCD_WriteControl
                0x00002768       0x48 .\CortexM0\ARM_GCC_493\Debug\IR_sensor_controller.a(LCD.o)
                0x00002768                LCD_WriteControl
 .text.LCD_IsReady
                0x000027b0      0x100 .\CortexM0\ARM_GCC_493\Debug\IR_sensor_controller.a(LCD.o)
                0x000027b0                LCD_IsReady
 .text.LCD_WrDatNib
                0x000028b0       0x68 .\CortexM0\ARM_GCC_493\Debug\IR_sensor_controller.a(LCD.o)
 .text.LCD_WrCntrlNib
                0x00002918       0x54 .\CortexM0\ARM_GCC_493\Debug\IR_sensor_controller.a(LCD.o)
 *fill*         0x0000296c        0x4 
 .text          0x00002970       0x28 .\CortexM0\ARM_GCC_493\Debug\IR_sensor_controller.a(CyBootAsmGnu.o)
                0x00002970                CyDelayCycles
                0x00002984                CyEnterCriticalSection
                0x0000298c                CyExitCriticalSection
 .text          0x00002998      0x120 c:/program files/cypress/psoc creator/3.3/psoc creator/import/gnu/arm/4.9.3/bin/../lib/gcc/arm-none-eabi/4.9.3/armv6-m\libgcc.a(_udivsi3.o)
                0x00002998                __aeabi_uidiv
                0x00002998                __udivsi3
                0x00002aa4                __aeabi_uidivmod
 .text          0x00002ab8        0x4 c:/program files/cypress/psoc creator/3.3/psoc creator/import/gnu/arm/4.9.3/bin/../lib/gcc/arm-none-eabi/4.9.3/armv6-m\libgcc.a(_dvmd_tls.o)
                0x00002ab8                __aeabi_idiv0
                0x00002ab8                __aeabi_ldiv0
 .text.__errno  0x00002abc        0xc c:/program files/cypress/psoc creator/3.3/psoc creator/import/gnu/arm/4.9.3/bin/../lib/gcc/arm-none-eabi/4.9.3/../../../../arm-none-eabi/lib/armv6-m\libg_nano.a(lib_a-errno.o)
                0x00002abc                __errno
 .text.__libc_init_array
                0x00002ac8       0x4c c:/program files/cypress/psoc creator/3.3/psoc creator/import/gnu/arm/4.9.3/bin/../lib/gcc/arm-none-eabi/4.9.3/../../../../arm-none-eabi/lib/armv6-m\libg_nano.a(lib_a-init.o)
                0x00002ac8                __libc_init_array
 .text.memcpy   0x00002b14       0x12 c:/program files/cypress/psoc creator/3.3/psoc creator/import/gnu/arm/4.9.3/bin/../lib/gcc/arm-none-eabi/4.9.3/../../../../arm-none-eabi/lib/armv6-m\libg_nano.a(lib_a-memcpy.o)
                0x00002b14                memcpy
 .text.memset   0x00002b26       0x10 c:/program files/cypress/psoc creator/3.3/psoc creator/import/gnu/arm/4.9.3/bin/../lib/gcc/arm-none-eabi/4.9.3/../../../../arm-none-eabi/lib/armv6-m\libg_nano.a(lib_a-memset.o)
                0x00002b26                memset
 *fill*         0x00002b36        0x2 
 .text.sprintf  0x00002b38       0x44 c:/program files/cypress/psoc creator/3.3/psoc creator/import/gnu/arm/4.9.3/bin/../lib/gcc/arm-none-eabi/4.9.3/../../../../arm-none-eabi/lib/armv6-m\libg_nano.a(lib_a-sprintf.o)
                0x00002b38                siprintf
                0x00002b38                sprintf
 .text.__ssputs_r
                0x00002b7c       0xc0 c:/program files/cypress/psoc creator/3.3/psoc creator/import/gnu/arm/4.9.3/bin/../lib/gcc/arm-none-eabi/4.9.3/../../../../arm-none-eabi/lib/armv6-m\libg_nano.a(lib_a-nano-svfprintf.o)
                0x00002b7c                __ssputs_r
 .text._svfprintf_r
                0x00002c3c      0x1ec c:/program files/cypress/psoc creator/3.3/psoc creator/import/gnu/arm/4.9.3/bin/../lib/gcc/arm-none-eabi/4.9.3/../../../../arm-none-eabi/lib/armv6-m\libg_nano.a(lib_a-nano-svfprintf.o)
                0x00002c3c                _svfiprintf_r
                0x00002c3c                _svfprintf_r
 .text._printf_common
                0x00002e28       0xdc c:/program files/cypress/psoc creator/3.3/psoc creator/import/gnu/arm/4.9.3/bin/../lib/gcc/arm-none-eabi/4.9.3/../../../../arm-none-eabi/lib/armv6-m\libg_nano.a(lib_a-nano-vfprintf_i.o)
                0x00002e28                _printf_common
 .text._printf_i
                0x00002f04      0x230 c:/program files/cypress/psoc creator/3.3/psoc creator/import/gnu/arm/4.9.3/bin/../lib/gcc/arm-none-eabi/4.9.3/../../../../arm-none-eabi/lib/armv6-m\libg_nano.a(lib_a-nano-vfprintf_i.o)
                0x00002f04                _printf_i
 .text.memchr   0x00003134       0x16 c:/program files/cypress/psoc creator/3.3/psoc creator/import/gnu/arm/4.9.3/bin/../lib/gcc/arm-none-eabi/4.9.3/../../../../arm-none-eabi/lib/armv6-m\libg_nano.a(lib_a-memchr.o)
                0x00003134                memchr
 .text.memmove  0x0000314a       0x28 c:/program files/cypress/psoc creator/3.3/psoc creator/import/gnu/arm/4.9.3/bin/../lib/gcc/arm-none-eabi/4.9.3/../../../../arm-none-eabi/lib/armv6-m\libg_nano.a(lib_a-memmove.o)
                0x0000314a                memmove
 *fill*         0x00003172        0x2 
 .text._free_r  0x00003174       0x8c c:/program files/cypress/psoc creator/3.3/psoc creator/import/gnu/arm/4.9.3/bin/../lib/gcc/arm-none-eabi/4.9.3/../../../../arm-none-eabi/lib/armv6-m\libg_nano.a(lib_a-nano-freer.o)
                0x00003174                _free_r
 .text._malloc_r
                0x00003200       0xb0 c:/program files/cypress/psoc creator/3.3/psoc creator/import/gnu/arm/4.9.3/bin/../lib/gcc/arm-none-eabi/4.9.3/../../../../arm-none-eabi/lib/armv6-m\libg_nano.a(lib_a-nano-mallocr.o)
                0x00003200                _malloc_r
 .text._realloc_r
                0x000032b0       0x4c c:/program files/cypress/psoc creator/3.3/psoc creator/import/gnu/arm/4.9.3/bin/../lib/gcc/arm-none-eabi/4.9.3/../../../../arm-none-eabi/lib/armv6-m\libg_nano.a(lib_a-nano-reallocr.o)
                0x000032b0                _realloc_r
 .text._sbrk_r  0x000032fc       0x24 c:/program files/cypress/psoc creator/3.3/psoc creator/import/gnu/arm/4.9.3/bin/../lib/gcc/arm-none-eabi/4.9.3/../../../../arm-none-eabi/lib/armv6-m\libg_nano.a(lib_a-sbrkr.o)
                0x000032fc                _sbrk_r
 .text._malloc_usable_size_r
                0x00003320       0x16 c:/program files/cypress/psoc creator/3.3/psoc creator/import/gnu/arm/4.9.3/bin/../lib/gcc/arm-none-eabi/4.9.3/../../../../arm-none-eabi/lib/armv6-m\libg_nano.a(lib_a-nano-msizer.o)
                0x00003320                _malloc_usable_size_r
 *(.plt)
 *(.gnu.warning)
 *(.glue_7t)
 .glue_7t       0x00000000        0x0 linker stubs
 *(.glue_7)
 .glue_7        0x00000000        0x0 linker stubs
 *(.vfp11_veneer)
 .vfp11_veneer  0x00000000        0x0 linker stubs
 *(.bootloader)
 *(.ARM.extab* .gnu.linkonce.armextab.*)
 *(.gcc_except_table)

.v4_bx          0x00003338        0x0
 .v4_bx         0x00000000        0x0 linker stubs

.iplt           0x00003338        0x0
 .iplt          0x00000000        0x0 c:/program files/cypress/psoc creator/3.3/psoc creator/import/gnu/arm/4.9.3/bin/../lib/gcc/arm-none-eabi/4.9.3/armv6-m/crtbegin.o

.eh_frame_hdr
 *(.eh_frame_hdr)

.eh_frame       0x00003338        0x4
 *(.eh_frame)
 .eh_frame      0x00003338        0x0 c:/program files/cypress/psoc creator/3.3/psoc creator/import/gnu/arm/4.9.3/bin/../lib/gcc/arm-none-eabi/4.9.3/armv6-m/crtbegin.o
 .eh_frame      0x00003338        0x4 c:/program files/cypress/psoc creator/3.3/psoc creator/import/gnu/arm/4.9.3/bin/../lib/gcc/arm-none-eabi/4.9.3/armv6-m/crtend.o
                0x0000333c                PROVIDE (__exidx_start, .)

.ARM.exidx
 *(.ARM.exidx* .gnu.linkonce.armexidx.*)
                0x0000333c                __exidx_end = .

.rodata         0x0000333c      0x16c
 *(.rodata .rodata.* .gnu.linkonce.r.*)
 .rodata        0x0000333c       0x5c .\CortexM0\ARM_GCC_493\Debug\main.o
 .rodata        0x00003398       0x4c .\CortexM0\ARM_GCC_493\Debug\IR_sensor_controller.a(cyfitter_cfg.o)
 .rodata        0x000033e4       0x30 .\CortexM0\ARM_GCC_493\Debug\IR_sensor_controller.a(CyLib.o)
                0x000033e4                cyImoFreqMhz2Reg
 .rodata        0x00003414       0x28 .\CortexM0\ARM_GCC_493\Debug\IR_sensor_controller.a(ADC.o)
 .rodata.str1.1
                0x0000343c        0x2 c:/program files/cypress/psoc creator/3.3/psoc creator/import/gnu/arm/4.9.3/bin/../lib/gcc/arm-none-eabi/4.9.3/../../../../arm-none-eabi/lib/armv6-m\libg_nano.a(lib_a-impure.o)
 .rodata.str1.1
                0x0000343e       0x11 c:/program files/cypress/psoc creator/3.3/psoc creator/import/gnu/arm/4.9.3/bin/../lib/gcc/arm-none-eabi/4.9.3/../../../../arm-none-eabi/lib/armv6-m\libg_nano.a(lib_a-nano-svfprintf.o)
 .rodata.str1.1
                0x0000344f       0x22 c:/program files/cypress/psoc creator/3.3/psoc creator/import/gnu/arm/4.9.3/bin/../lib/gcc/arm-none-eabi/4.9.3/../../../../arm-none-eabi/lib/armv6-m\libg_nano.a(lib_a-nano-vfprintf_i.o)
                0x00003474                . = ALIGN (0x4)
 *fill*         0x00003471        0x3 
 *(.init)
 .init          0x00003474        0x4 c:/program files/cypress/psoc creator/3.3/psoc creator/import/gnu/arm/4.9.3/bin/../lib/gcc/arm-none-eabi/4.9.3/armv6-m/crti.o
                0x00003474                _init
 .init          0x00003478        0x8 c:/program files/cypress/psoc creator/3.3/psoc creator/import/gnu/arm/4.9.3/bin/../lib/gcc/arm-none-eabi/4.9.3/armv6-m/crtn.o
                0x00003480                . = ALIGN (0x4)
                0x00003480                __preinit_array_start = .
 *(.preinit_array)
                0x00003480                __preinit_array_end = .
                0x00003480                . = ALIGN (0x4)
                0x00003480                __init_array_start = .
 *(SORT(.init_array.*))
 *(.init_array)
 .init_array    0x00003480        0x4 c:/program files/cypress/psoc creator/3.3/psoc creator/import/gnu/arm/4.9.3/bin/../lib/gcc/arm-none-eabi/4.9.3/armv6-m/crtbegin.o
 .init_array    0x00003484        0x4 .\CortexM0\ARM_GCC_493\Debug\Cm0Start.o
                0x00003488                __init_array_end = .
                0x00003488                . = ALIGN (0x4)
 *(.fini)
 .fini          0x00003488        0x4 c:/program files/cypress/psoc creator/3.3/psoc creator/import/gnu/arm/4.9.3/bin/../lib/gcc/arm-none-eabi/4.9.3/armv6-m/crti.o
                0x00003488                _fini
 .fini          0x0000348c        0x8 c:/program files/cypress/psoc creator/3.3/psoc creator/import/gnu/arm/4.9.3/bin/../lib/gcc/arm-none-eabi/4.9.3/armv6-m/crtn.o
                0x00003494                . = ALIGN (0x4)
                0x00003494                __fini_array_start = .
 *(.fini_array)
 .fini_array    0x00003494        0x4 c:/program files/cypress/psoc creator/3.3/psoc creator/import/gnu/arm/4.9.3/bin/../lib/gcc/arm-none-eabi/4.9.3/armv6-m/crtbegin.o
 *(SORT(.fini_array.*))
                0x00003498                __fini_array_end = .
                0x00003498                . = ALIGN (0x4)
 *crtbegin.o(.ctors)
 *(EXCLUDE_FILE(*crtend.o) .ctors)
 *(SORT(.ctors.*))
 *crtend.o(.ctors)
                0x00003498                . = ALIGN (0x4)
 *crtbegin.o(.dtors)
 *(EXCLUDE_FILE(*crtend.o) .dtors)
 *(SORT(.dtors.*))
 *crtend.o(.dtors)
                0x00003498                . = ALIGN (0x4)
                0x00003498                __cy_regions = .
                0x00003498        0x4 LONG 0x34a8 __cy_region_init_ram
                0x0000349c        0x4 LONG 0x200000d0 __cy_region_start_data
                0x000034a0        0x4 LONG 0x80 __cy_region_init_size_ram
                0x000034a4        0x4 LONG 0x90 __cy_region_zero_size_ram
                0x000034a8                __cy_regions_end = .
                0x000034a8                . = ALIGN (0x8)
                0x000034a8                _etext = .

.ramvectors     0x20000000       0xc0
                0x20000000                __cy_region_start_ram = .
 *(.ramvectors)
 .ramvectors    0x20000000       0xc0 .\CortexM0\ARM_GCC_493\Debug\Cm0Start.o
                0x20000000                CyRamVectors

.btldr_run      0x200000c0        0x4
 *(.bootloaderruntype)
 .bootloaderruntype
                0x200000c0        0x4 .\CortexM0\ARM_GCC_493\Debug\Cm0Start.o
                0x200000c0                cyBtldrRunType

.noinit         0x200000c8        0x4
 *(.noinit)
 .noinit        0x200000c8        0x4 .\CortexM0\ARM_GCC_493\Debug\Cm0Start.o

.data           0x200000d0       0x80 load address 0x000034a8
                0x200000d0                __cy_region_start_data = .
 *(.jcr)
 .jcr           0x200000d0        0x0 c:/program files/cypress/psoc creator/3.3/psoc creator/import/gnu/arm/4.9.3/bin/../lib/gcc/arm-none-eabi/4.9.3/armv6-m/crtbegin.o
 .jcr           0x200000d0        0x4 c:/program files/cypress/psoc creator/3.3/psoc creator/import/gnu/arm/4.9.3/bin/../lib/gcc/arm-none-eabi/4.9.3/armv6-m/crtend.o
 *(.got.plt)
 *(.got)
 *(.shdata)
 *(.data .data.* .gnu.linkonce.d.*)
 .data          0x200000d4        0x4 .\CortexM0\ARM_GCC_493\Debug\Cm0Start.o
 .data          0x200000d8       0x10 .\CortexM0\ARM_GCC_493\Debug\IR_sensor_controller.a(CyLib.o)
                0x200000d8                cydelayFreqHz
                0x200000dc                cydelayFreqKhz
                0x200000e0                cydelayFreqMhz
                0x200000e4                cydelay32kMs
 .data.impure_data
                0x200000e8       0x60 c:/program files/cypress/psoc creator/3.3/psoc creator/import/gnu/arm/4.9.3/bin/../lib/gcc/arm-none-eabi/4.9.3/../../../../arm-none-eabi/lib/armv6-m\libg_nano.a(lib_a-impure.o)
 .data._impure_ptr
                0x20000148        0x4 c:/program files/cypress/psoc creator/3.3/psoc creator/import/gnu/arm/4.9.3/bin/../lib/gcc/arm-none-eabi/4.9.3/../../../../arm-none-eabi/lib/armv6-m\libg_nano.a(lib_a-impure.o)
                0x20000148                _impure_ptr
                0x20000150                . = ALIGN (0x8)
 *fill*         0x2000014c        0x4 
 *(.ram)
                0x20000150                _edata = .

.igot.plt       0x20000150        0x0 load address 0x00003528
 .igot.plt      0x00000000        0x0 c:/program files/cypress/psoc creator/3.3/psoc creator/import/gnu/arm/4.9.3/bin/../lib/gcc/arm-none-eabi/4.9.3/armv6-m/crtbegin.o

.bss            0x20000150       0x90 load address 0x00003528
                0x20000150                PROVIDE (__bss_start__, .)
 *(.shbss)
 *(.bss .bss.* .gnu.linkonce.b.*)
 .bss           0x20000150       0x1c c:/program files/cypress/psoc creator/3.3/psoc creator/import/gnu/arm/4.9.3/bin/../lib/gcc/arm-none-eabi/4.9.3/armv6-m/crtbegin.o
 .bss           0x2000016c       0x14 .\CortexM0\ARM_GCC_493\Debug\main.o
                0x2000016c                result
                0x2000017c                dataReady
 .bss           0x20000180        0x8 .\CortexM0\ARM_GCC_493\Debug\IR_sensor_controller.a(I2C.o)
                0x20000180                I2C_initVar
                0x20000184                I2C_customIntrHandler
 .bss           0x20000188        0x2 .\CortexM0\ARM_GCC_493\Debug\IR_sensor_controller.a(I2C_EZI2C_INT.o)
 .bss           0x2000018a        0x1 .\CortexM0\ARM_GCC_493\Debug\IR_sensor_controller.a(ADC.o)
                0x2000018a                ADC_initVar
 .bss           0x2000018b        0x2 .\CortexM0\ARM_GCC_493\Debug\IR_sensor_controller.a(LCD.o)
                0x2000018b                LCD_enableState
                0x2000018c                LCD_initVar
 *fill*         0x2000018d        0x3 
 .bss.__malloc_sbrk_start
                0x20000190        0x4 c:/program files/cypress/psoc creator/3.3/psoc creator/import/gnu/arm/4.9.3/bin/../lib/gcc/arm-none-eabi/4.9.3/../../../../arm-none-eabi/lib/armv6-m\libg_nano.a(lib_a-nano-mallocr.o)
                0x20000190                __malloc_sbrk_start
 .bss.__malloc_free_list
                0x20000194        0x4 c:/program files/cypress/psoc creator/3.3/psoc creator/import/gnu/arm/4.9.3/bin/../lib/gcc/arm-none-eabi/4.9.3/../../../../arm-none-eabi/lib/armv6-m\libg_nano.a(lib_a-nano-mallocr.o)
                0x20000194                __malloc_free_list
 *(COMMON)
 COMMON         0x20000198       0x11 .\CortexM0\ARM_GCC_493\Debug\IR_sensor_controller.a(I2C_EZI2C.o)
                0x20000198                I2C_protectBuf1
                0x2000019a                I2C_curStatus
                0x2000019c                I2C_indexBuf1
                0x200001a0                I2C_dataBuffer1
                0x200001a4                I2C_offsetBuf1
                0x200001a6                I2C_bufSizeBuf1
                0x200001a8                I2C_fsmState
 *fill*         0x200001a9        0x3 
 COMMON         0x200001ac       0x30 .\CortexM0\ARM_GCC_493\Debug\IR_sensor_controller.a(ADC.o)
                0x200001ac                ADC_countsPer10Volt
                0x200001cc                ADC_offset
 COMMON         0x200001dc        0x4 c:/program files/cypress/psoc creator/3.3/psoc creator/import/gnu/arm/4.9.3/bin/../lib/gcc/arm-none-eabi/4.9.3/../../../../arm-none-eabi/lib/armv6-m\libg_nano.a(lib_a-reent.o)
                0x200001dc                errno
                0x200001e0                . = ALIGN (0x8)
 *(.ram.b)
                0x200001e0                _end = .
                0x200001e0                __end = .
                0x200001e0                PROVIDE (end, .)
                0x200001e0                PROVIDE (__bss_end__, .)
                0x000034a8                __cy_region_init_ram = LOADADDR (.data)
                0x00000080                __cy_region_init_size_ram = (_edata - ADDR (.data))
                0x00000090                __cy_region_zero_size_ram = (_end - _edata)

.heap           0x200001e0      0x100 load address 0x00003528
                0x200001e0                . = _end
                0x200002e0                . = (. + 0x100)
 *fill*         0x200001e0      0x100 
                0x200002e0                __cy_heap_limit = .

.stack          0x20000c00      0x400
                0x20000c00                __cy_stack_limit = .
                0x20001000                . = (. + 0x400)
 *fill*         0x20000c00      0x400 
                0x00000001                ASSERT ((__cy_stack_limit >= __cy_heap_limit), region RAM overflowed with stack)

.cyloadermeta   0xf0000000       0x40
 *(.cyloadermeta)
 .cyloadermeta  0xf0000000       0x40 .\CortexM0\ARM_GCC_493\Debug\cybootloader.o
                0xf0000000                cy_meta_loader

.cyloadablemeta
                0x00007fc0       0x40
 *(.cyloadablemeta)
 .cyloadablemeta
                0x00007fc0       0x40 .\CortexM0\ARM_GCC_493\Debug\cymetadata.o
                0x00007fc0                cy_meta_loadable

.cyflashprotect
                0x90400000       0x20
 *(.cyflashprotect)
 .cyflashprotect
                0x90400000       0x20 .\CortexM0\ARM_GCC_493\Debug\cybootloader.o
                0x90400000                cy_meta_flashprotect

.cymeta         0x90500000        0xc
 *(.cymeta)
 .cymeta        0x90500000        0xc .\CortexM0\ARM_GCC_493\Debug\cybootloader.o
                0x90500000                cy_metadata

.cychipprotect  0x90600000        0x4
 *(.cychipprotect)
 .cychipprotect
                0x90600000        0x4 .\CortexM0\ARM_GCC_493\Debug\cybootloader.o
                0x90600000                cy_meta_chipprotect

.rel.dyn        0x00008000        0x0 load address 0x90600004
 .rel.iplt      0x00000000        0x0 c:/program files/cypress/psoc creator/3.3/psoc creator/import/gnu/arm/4.9.3/bin/../lib/gcc/arm-none-eabi/4.9.3/armv6-m/crtbegin.o

.stab
 *(.stab)

.stabstr
 *(.stabstr)

.debug
 *(.debug)

.line
 *(.line)

.debug_srcinfo
 *(.debug_srcinfo)

.debug_sfnames
 *(.debug_sfnames)

.debug_aranges  0x00000000      0x708
 *(.debug_aranges)
 .debug_aranges
                0x00000000       0x20 .\CortexM0\ARM_GCC_493\Debug\main.o
 .debug_aranges
                0x00000020       0x18 .\CortexM0\ARM_GCC_493\Debug\cybootloader.o
 .debug_aranges
                0x00000038       0x18 .\CortexM0\ARM_GCC_493\Debug\cymetadata.o
 .debug_aranges
                0x00000050       0x48 .\CortexM0\ARM_GCC_493\Debug\Cm0Start.o
 .debug_aranges
                0x00000098       0x50 .\CortexM0\ARM_GCC_493\Debug\IR_sensor_controller.a(cyfitter_cfg.o)
 .debug_aranges
                0x000000e8      0x230 .\CortexM0\ARM_GCC_493\Debug\IR_sensor_controller.a(CyLib.o)
 .debug_aranges
                0x00000318       0x70 .\CortexM0\ARM_GCC_493\Debug\IR_sensor_controller.a(I2C.o)
 .debug_aranges
                0x00000388       0x50 .\CortexM0\ARM_GCC_493\Debug\IR_sensor_controller.a(I2C_EZI2C.o)
 .debug_aranges
                0x000003d8       0x20 .\CortexM0\ARM_GCC_493\Debug\IR_sensor_controller.a(I2C_EZI2C_INT.o)
 .debug_aranges
                0x000003f8       0x40 .\CortexM0\ARM_GCC_493\Debug\IR_sensor_controller.a(I2C_sda.o)
 .debug_aranges
                0x00000438       0x40 .\CortexM0\ARM_GCC_493\Debug\IR_sensor_controller.a(I2C_scl.o)
 .debug_aranges
                0x00000478       0xa8 .\CortexM0\ARM_GCC_493\Debug\IR_sensor_controller.a(ADC.o)
 .debug_aranges
                0x00000520       0x20 .\CortexM0\ARM_GCC_493\Debug\IR_sensor_controller.a(ADC_INT.o)
 .debug_aranges
                0x00000540       0x80 .\CortexM0\ARM_GCC_493\Debug\IR_sensor_controller.a(ADC_IRQ.o)
 .debug_aranges
                0x000005c0       0x30 .\CortexM0\ARM_GCC_493\Debug\IR_sensor_controller.a(EEPROM.o)
 .debug_aranges
                0x000005f0       0x28 .\CortexM0\ARM_GCC_493\Debug\IR_sensor_controller.a(Debug_LED_reg.o)
 .debug_aranges
                0x00000618       0x98 .\CortexM0\ARM_GCC_493\Debug\IR_sensor_controller.a(LCD.o)
 .debug_aranges
                0x000006b0       0x20 .\CortexM0\ARM_GCC_493\Debug\IR_sensor_controller.a(CyBootAsmGnu.o)
 .debug_aranges
                0x000006d0       0x38 .\CortexM0\ARM_GCC_493\Debug\IR_sensor_controller.a(CyFlash.o)

.debug_pubnames
 *(.debug_pubnames)

.debug_info     0x00000000     0x3034
 *(.debug_info .gnu.linkonce.wi.*)
 .debug_info    0x00000000      0x17b .\CortexM0\ARM_GCC_493\Debug\main.o
 .debug_info    0x0000017b      0x14d .\CortexM0\ARM_GCC_493\Debug\cybootloader.o
 .debug_info    0x000002c8       0xb1 .\CortexM0\ARM_GCC_493\Debug\cymetadata.o
 .debug_info    0x00000379      0x310 .\CortexM0\ARM_GCC_493\Debug\Cm0Start.o
 .debug_info    0x00000689      0x353 .\CortexM0\ARM_GCC_493\Debug\IR_sensor_controller.a(cyfitter_cfg.o)
 .debug_info    0x000009dc      0xc5b .\CortexM0\ARM_GCC_493\Debug\IR_sensor_controller.a(CyLib.o)
 .debug_info    0x00001637      0x1f4 .\CortexM0\ARM_GCC_493\Debug\IR_sensor_controller.a(I2C.o)
 .debug_info    0x0000182b      0x25c .\CortexM0\ARM_GCC_493\Debug\IR_sensor_controller.a(I2C_EZI2C.o)
 .debug_info    0x00001a87      0x1b9 .\CortexM0\ARM_GCC_493\Debug\IR_sensor_controller.a(I2C_EZI2C_INT.o)
 .debug_info    0x00001c40      0x14c .\CortexM0\ARM_GCC_493\Debug\IR_sensor_controller.a(I2C_sda.o)
 .debug_info    0x00001d8c      0x14c .\CortexM0\ARM_GCC_493\Debug\IR_sensor_controller.a(I2C_scl.o)
 .debug_info    0x00001ed8      0x49a .\CortexM0\ARM_GCC_493\Debug\IR_sensor_controller.a(ADC.o)
 .debug_info    0x00002372      0x104 .\CortexM0\ARM_GCC_493\Debug\IR_sensor_controller.a(ADC_INT.o)
 .debug_info    0x00002476      0x244 .\CortexM0\ARM_GCC_493\Debug\IR_sensor_controller.a(ADC_IRQ.o)
 .debug_info    0x000026ba      0x1ab .\CortexM0\ARM_GCC_493\Debug\IR_sensor_controller.a(EEPROM.o)
 .debug_info    0x00002865       0xd6 .\CortexM0\ARM_GCC_493\Debug\IR_sensor_controller.a(Debug_LED_reg.o)
 .debug_info    0x0000293b      0x3c4 .\CortexM0\ARM_GCC_493\Debug\IR_sensor_controller.a(LCD.o)
 .debug_info    0x00002cff       0x9a .\CortexM0\ARM_GCC_493\Debug\IR_sensor_controller.a(CyBootAsmGnu.o)
 .debug_info    0x00002d99      0x29b .\CortexM0\ARM_GCC_493\Debug\IR_sensor_controller.a(CyFlash.o)

.debug_abbrev   0x00000000     0x124a
 *(.debug_abbrev)
 .debug_abbrev  0x00000000       0xbc .\CortexM0\ARM_GCC_493\Debug\main.o
 .debug_abbrev  0x000000bc       0x77 .\CortexM0\ARM_GCC_493\Debug\cybootloader.o
 .debug_abbrev  0x00000133       0x5d .\CortexM0\ARM_GCC_493\Debug\cymetadata.o
 .debug_abbrev  0x00000190      0x1c5 .\CortexM0\ARM_GCC_493\Debug\Cm0Start.o
 .debug_abbrev  0x00000355      0x18a .\CortexM0\ARM_GCC_493\Debug\IR_sensor_controller.a(cyfitter_cfg.o)
 .debug_abbrev  0x000004df      0x207 .\CortexM0\ARM_GCC_493\Debug\IR_sensor_controller.a(CyLib.o)
 .debug_abbrev  0x000006e6      0x100 .\CortexM0\ARM_GCC_493\Debug\IR_sensor_controller.a(I2C.o)
 .debug_abbrev  0x000007e6      0x128 .\CortexM0\ARM_GCC_493\Debug\IR_sensor_controller.a(I2C_EZI2C.o)
 .debug_abbrev  0x0000090e       0x95 .\CortexM0\ARM_GCC_493\Debug\IR_sensor_controller.a(I2C_EZI2C_INT.o)
 .debug_abbrev  0x000009a3       0xb7 .\CortexM0\ARM_GCC_493\Debug\IR_sensor_controller.a(I2C_sda.o)
 .debug_abbrev  0x00000a5a       0xb7 .\CortexM0\ARM_GCC_493\Debug\IR_sensor_controller.a(I2C_scl.o)
 .debug_abbrev  0x00000b11      0x170 .\CortexM0\ARM_GCC_493\Debug\IR_sensor_controller.a(ADC.o)
 .debug_abbrev  0x00000c81       0x97 .\CortexM0\ARM_GCC_493\Debug\IR_sensor_controller.a(ADC_INT.o)
 .debug_abbrev  0x00000d18      0x177 .\CortexM0\ARM_GCC_493\Debug\IR_sensor_controller.a(ADC_IRQ.o)
 .debug_abbrev  0x00000e8f       0xcc .\CortexM0\ARM_GCC_493\Debug\IR_sensor_controller.a(EEPROM.o)
 .debug_abbrev  0x00000f5b       0x8e .\CortexM0\ARM_GCC_493\Debug\IR_sensor_controller.a(Debug_LED_reg.o)
 .debug_abbrev  0x00000fe9      0x12d .\CortexM0\ARM_GCC_493\Debug\IR_sensor_controller.a(LCD.o)
 .debug_abbrev  0x00001116       0x14 .\CortexM0\ARM_GCC_493\Debug\IR_sensor_controller.a(CyBootAsmGnu.o)
 .debug_abbrev  0x0000112a      0x120 .\CortexM0\ARM_GCC_493\Debug\IR_sensor_controller.a(CyFlash.o)

.debug_line     0x00000000     0x1a2f
 *(.debug_line)
 .debug_line    0x00000000       0xb4 .\CortexM0\ARM_GCC_493\Debug\main.o
 .debug_line    0x000000b4       0x55 .\CortexM0\ARM_GCC_493\Debug\cybootloader.o
 .debug_line    0x00000109       0x53 .\CortexM0\ARM_GCC_493\Debug\cymetadata.o
 .debug_line    0x0000015c      0x1c3 .\CortexM0\ARM_GCC_493\Debug\Cm0Start.o
 .debug_line    0x0000031f      0x193 .\CortexM0\ARM_GCC_493\Debug\IR_sensor_controller.a(cyfitter_cfg.o)
 .debug_line    0x000004b2      0x703 .\CortexM0\ARM_GCC_493\Debug\IR_sensor_controller.a(CyLib.o)
 .debug_line    0x00000bb5      0x152 .\CortexM0\ARM_GCC_493\Debug\IR_sensor_controller.a(I2C.o)
 .debug_line    0x00000d07      0x112 .\CortexM0\ARM_GCC_493\Debug\IR_sensor_controller.a(I2C_EZI2C.o)
 .debug_line    0x00000e19      0x141 .\CortexM0\ARM_GCC_493\Debug\IR_sensor_controller.a(I2C_EZI2C_INT.o)
 .debug_line    0x00000f5a       0xad .\CortexM0\ARM_GCC_493\Debug\IR_sensor_controller.a(I2C_sda.o)
 .debug_line    0x00001007       0xad .\CortexM0\ARM_GCC_493\Debug\IR_sensor_controller.a(I2C_scl.o)
 .debug_line    0x000010b4      0x297 .\CortexM0\ARM_GCC_493\Debug\IR_sensor_controller.a(ADC.o)
 .debug_line    0x0000134b       0x6d .\CortexM0\ARM_GCC_493\Debug\IR_sensor_controller.a(ADC_INT.o)
 .debug_line    0x000013b8      0x16f .\CortexM0\ARM_GCC_493\Debug\IR_sensor_controller.a(ADC_IRQ.o)
 .debug_line    0x00001527       0xc8 .\CortexM0\ARM_GCC_493\Debug\IR_sensor_controller.a(EEPROM.o)
 .debug_line    0x000015ef       0x78 .\CortexM0\ARM_GCC_493\Debug\IR_sensor_controller.a(Debug_LED_reg.o)
 .debug_line    0x00001667      0x1e6 .\CortexM0\ARM_GCC_493\Debug\IR_sensor_controller.a(LCD.o)
 .debug_line    0x0000184d       0x69 .\CortexM0\ARM_GCC_493\Debug\IR_sensor_controller.a(CyBootAsmGnu.o)
 .debug_line    0x000018b6      0x179 .\CortexM0\ARM_GCC_493\Debug\IR_sensor_controller.a(CyFlash.o)

.debug_frame    0x00000000     0x1a44
 *(.debug_frame)
 .debug_frame   0x00000000       0x34 .\CortexM0\ARM_GCC_493\Debug\main.o
 .debug_frame   0x00000034       0xc8 .\CortexM0\ARM_GCC_493\Debug\Cm0Start.o
 .debug_frame   0x000000fc       0xe8 .\CortexM0\ARM_GCC_493\Debug\IR_sensor_controller.a(cyfitter_cfg.o)
 .debug_frame   0x000001e4      0x83c .\CortexM0\ARM_GCC_493\Debug\IR_sensor_controller.a(CyLib.o)
 .debug_frame   0x00000a20      0x150 .\CortexM0\ARM_GCC_493\Debug\IR_sensor_controller.a(I2C.o)
 .debug_frame   0x00000b70       0xe8 .\CortexM0\ARM_GCC_493\Debug\IR_sensor_controller.a(I2C_EZI2C.o)
 .debug_frame   0x00000c58       0x30 .\CortexM0\ARM_GCC_493\Debug\IR_sensor_controller.a(I2C_EZI2C_INT.o)
 .debug_frame   0x00000c88       0xa8 .\CortexM0\ARM_GCC_493\Debug\IR_sensor_controller.a(I2C_sda.o)
 .debug_frame   0x00000d30       0xa8 .\CortexM0\ARM_GCC_493\Debug\IR_sensor_controller.a(I2C_scl.o)
 .debug_frame   0x00000dd8      0x248 .\CortexM0\ARM_GCC_493\Debug\IR_sensor_controller.a(ADC.o)
 .debug_frame   0x00001020       0x30 .\CortexM0\ARM_GCC_493\Debug\IR_sensor_controller.a(ADC_INT.o)
 .debug_frame   0x00001050      0x190 .\CortexM0\ARM_GCC_493\Debug\IR_sensor_controller.a(ADC_IRQ.o)
 .debug_frame   0x000011e0       0x68 .\CortexM0\ARM_GCC_493\Debug\IR_sensor_controller.a(EEPROM.o)
 .debug_frame   0x00001248       0x4c .\CortexM0\ARM_GCC_493\Debug\IR_sensor_controller.a(Debug_LED_reg.o)
 .debug_frame   0x00001294      0x200 .\CortexM0\ARM_GCC_493\Debug\IR_sensor_controller.a(LCD.o)
 .debug_frame   0x00001494       0x98 .\CortexM0\ARM_GCC_493\Debug\IR_sensor_controller.a(CyFlash.o)
 .debug_frame   0x0000152c       0x20 c:/program files/cypress/psoc creator/3.3/psoc creator/import/gnu/arm/4.9.3/bin/../lib/gcc/arm-none-eabi/4.9.3/armv6-m\libgcc.a(_udivsi3.o)
 .debug_frame   0x0000154c       0x20 c:/program files/cypress/psoc creator/3.3/psoc creator/import/gnu/arm/4.9.3/bin/../lib/gcc/arm-none-eabi/4.9.3/armv6-m\libgcc.a(_divsi3.o)
 .debug_frame   0x0000156c       0x34 c:/program files/cypress/psoc creator/3.3/psoc creator/import/gnu/arm/4.9.3/bin/../lib/gcc/arm-none-eabi/4.9.3/armv6-m\libgcc.a(_muldi3.o)
 .debug_frame   0x000015a0       0x50 c:/program files/cypress/psoc creator/3.3/psoc creator/import/gnu/arm/4.9.3/bin/../lib/gcc/arm-none-eabi/4.9.3/armv6-m\libgcc.a(bpabi.o)
 .debug_frame   0x000015f0       0x3c c:/program files/cypress/psoc creator/3.3/psoc creator/import/gnu/arm/4.9.3/bin/../lib/gcc/arm-none-eabi/4.9.3/armv6-m\libgcc.a(divsf3.o)
 .debug_frame   0x0000162c       0x3c c:/program files/cypress/psoc creator/3.3/psoc creator/import/gnu/arm/4.9.3/bin/../lib/gcc/arm-none-eabi/4.9.3/armv6-m\libgcc.a(mulsf3.o)
 .debug_frame   0x00001668       0x2c c:/program files/cypress/psoc creator/3.3/psoc creator/import/gnu/arm/4.9.3/bin/../lib/gcc/arm-none-eabi/4.9.3/armv6-m\libgcc.a(floatsisf.o)
 .debug_frame   0x00001694       0x3c c:/program files/cypress/psoc creator/3.3/psoc creator/import/gnu/arm/4.9.3/bin/../lib/gcc/arm-none-eabi/4.9.3/armv6-m\libgcc.a(_divdi3.o)
 .debug_frame   0x000016d0       0x3c c:/program files/cypress/psoc creator/3.3/psoc creator/import/gnu/arm/4.9.3/bin/../lib/gcc/arm-none-eabi/4.9.3/armv6-m\libgcc.a(_udivdi3.o)
 .debug_frame   0x0000170c       0x20 c:/program files/cypress/psoc creator/3.3/psoc creator/import/gnu/arm/4.9.3/bin/../lib/gcc/arm-none-eabi/4.9.3/../../../../arm-none-eabi/lib/armv6-m\libg_nano.a(lib_a-errno.o)
 .debug_frame   0x0000172c       0x28 c:/program files/cypress/psoc creator/3.3/psoc creator/import/gnu/arm/4.9.3/bin/../lib/gcc/arm-none-eabi/4.9.3/../../../../arm-none-eabi/lib/armv6-m\libg_nano.a(lib_a-exit.o)
 .debug_frame   0x00001754       0x2c c:/program files/cypress/psoc creator/3.3/psoc creator/import/gnu/arm/4.9.3/bin/../lib/gcc/arm-none-eabi/4.9.3/../../../../arm-none-eabi/lib/armv6-m\libg_nano.a(lib_a-init.o)
 .debug_frame   0x00001780       0x28 c:/program files/cypress/psoc creator/3.3/psoc creator/import/gnu/arm/4.9.3/bin/../lib/gcc/arm-none-eabi/4.9.3/../../../../arm-none-eabi/lib/armv6-m\libg_nano.a(lib_a-memcpy.o)
 .debug_frame   0x000017a8       0x20 c:/program files/cypress/psoc creator/3.3/psoc creator/import/gnu/arm/4.9.3/bin/../lib/gcc/arm-none-eabi/4.9.3/../../../../arm-none-eabi/lib/armv6-m\libg_nano.a(lib_a-memset.o)
 .debug_frame   0x000017c8       0x50 c:/program files/cypress/psoc creator/3.3/psoc creator/import/gnu/arm/4.9.3/bin/../lib/gcc/arm-none-eabi/4.9.3/../../../../arm-none-eabi/lib/armv6-m\libg_nano.a(lib_a-sprintf.o)
 .debug_frame   0x00001818       0x74 c:/program files/cypress/psoc creator/3.3/psoc creator/import/gnu/arm/4.9.3/bin/../lib/gcc/arm-none-eabi/4.9.3/../../../../arm-none-eabi/lib/armv6-m\libg_nano.a(lib_a-nano-svfprintf.o)
 .debug_frame   0x0000188c       0x54 c:/program files/cypress/psoc creator/3.3/psoc creator/import/gnu/arm/4.9.3/bin/../lib/gcc/arm-none-eabi/4.9.3/../../../../arm-none-eabi/lib/armv6-m\libg_nano.a(lib_a-nano-vfprintf_i.o)
 .debug_frame   0x000018e0       0x20 c:/program files/cypress/psoc creator/3.3/psoc creator/import/gnu/arm/4.9.3/bin/../lib/gcc/arm-none-eabi/4.9.3/../../../../arm-none-eabi/lib/armv6-m\libg_nano.a(lib_a-memchr.o)
 .debug_frame   0x00001900       0x28 c:/program files/cypress/psoc creator/3.3/psoc creator/import/gnu/arm/4.9.3/bin/../lib/gcc/arm-none-eabi/4.9.3/../../../../arm-none-eabi/lib/armv6-m\libg_nano.a(lib_a-memmove.o)
 .debug_frame   0x00001928       0x2c c:/program files/cypress/psoc creator/3.3/psoc creator/import/gnu/arm/4.9.3/bin/../lib/gcc/arm-none-eabi/4.9.3/../../../../arm-none-eabi/lib/armv6-m\libg_nano.a(lib_a-nano-freer.o)
 .debug_frame   0x00001954       0x2c c:/program files/cypress/psoc creator/3.3/psoc creator/import/gnu/arm/4.9.3/bin/../lib/gcc/arm-none-eabi/4.9.3/../../../../arm-none-eabi/lib/armv6-m\libg_nano.a(lib_a-nano-mallocr.o)
 .debug_frame   0x00001980       0x30 c:/program files/cypress/psoc creator/3.3/psoc creator/import/gnu/arm/4.9.3/bin/../lib/gcc/arm-none-eabi/4.9.3/../../../../arm-none-eabi/lib/armv6-m\libg_nano.a(lib_a-nano-reallocr.o)
 .debug_frame   0x000019b0       0x2c c:/program files/cypress/psoc creator/3.3/psoc creator/import/gnu/arm/4.9.3/bin/../lib/gcc/arm-none-eabi/4.9.3/../../../../arm-none-eabi/lib/armv6-m\libg_nano.a(lib_a-sbrkr.o)
 .debug_frame   0x000019dc       0x20 c:/program files/cypress/psoc creator/3.3/psoc creator/import/gnu/arm/4.9.3/bin/../lib/gcc/arm-none-eabi/4.9.3/../../../../arm-none-eabi/lib/armv6-m\libg_nano.a(lib_a-nano-msizer.o)
 .debug_frame   0x000019fc       0x48 c:/program files/cypress/psoc creator/3.3/psoc creator/import/gnu/arm/4.9.3/bin/../lib/gcc/arm-none-eabi/4.9.3/../../../../arm-none-eabi/lib/armv6-m\libg_nano.a(lib_a-reent.o)

.debug_str      0x00000000     0x1686
 *(.debug_str)
 .debug_str     0x00000000      0x195 .\CortexM0\ARM_GCC_493\Debug\main.o
                                0x1d5 (size before relaxing)
 .debug_str     0x00000195       0x7a .\CortexM0\ARM_GCC_493\Debug\cybootloader.o
                                0x1f7 (size before relaxing)
 .debug_str     0x0000020f       0x37 .\CortexM0\ARM_GCC_493\Debug\cymetadata.o
                                0x1b4 (size before relaxing)
 .debug_str     0x00000246      0x144 .\CortexM0\ARM_GCC_493\Debug\Cm0Start.o
                                0x2d5 (size before relaxing)
 .debug_str     0x0000038a       0xf6 .\CortexM0\ARM_GCC_493\Debug\IR_sensor_controller.a(cyfitter_cfg.o)
                                0x2be (size before relaxing)
 .debug_str     0x00000480      0x727 .\CortexM0\ARM_GCC_493\Debug\IR_sensor_controller.a(CyLib.o)
                                0x8df (size before relaxing)
 .debug_str     0x00000ba7      0x120 .\CortexM0\ARM_GCC_493\Debug\IR_sensor_controller.a(I2C.o)
                                0x2aa (size before relaxing)
 .debug_str     0x00000cc7      0x13f .\CortexM0\ARM_GCC_493\Debug\IR_sensor_controller.a(I2C_EZI2C.o)
                                0x2df (size before relaxing)
 .debug_str     0x00000e06       0x95 .\CortexM0\ARM_GCC_493\Debug\IR_sensor_controller.a(I2C_EZI2C_INT.o)
                                0x2b1 (size before relaxing)
 .debug_str     0x00000e9b       0x91 .\CortexM0\ARM_GCC_493\Debug\IR_sensor_controller.a(I2C_sda.o)
                                0x21d (size before relaxing)
 .debug_str     0x00000f2c       0x7e .\CortexM0\ARM_GCC_493\Debug\IR_sensor_controller.a(I2C_scl.o)
                                0x21d (size before relaxing)
 .debug_str     0x00000faa      0x1e0 .\CortexM0\ARM_GCC_493\Debug\IR_sensor_controller.a(ADC.o)
                                0x3a5 (size before relaxing)
 .debug_str     0x0000118a       0x37 .\CortexM0\ARM_GCC_493\Debug\IR_sensor_controller.a(ADC_INT.o)
                                0x1d9 (size before relaxing)
 .debug_str     0x000011c1      0x113 .\CortexM0\ARM_GCC_493\Debug\IR_sensor_controller.a(ADC_IRQ.o)
                                0x2d7 (size before relaxing)
 .debug_str     0x000012d4       0xa3 .\CortexM0\ARM_GCC_493\Debug\IR_sensor_controller.a(EEPROM.o)
                                0x235 (size before relaxing)
 .debug_str     0x00001377       0x58 .\CortexM0\ARM_GCC_493\Debug\IR_sensor_controller.a(Debug_LED_reg.o)
                                0x1d1 (size before relaxing)
 .debug_str     0x000013cf      0x16e .\CortexM0\ARM_GCC_493\Debug\IR_sensor_controller.a(LCD.o)
                                0x318 (size before relaxing)
 .debug_str     0x0000153d      0x149 .\CortexM0\ARM_GCC_493\Debug\IR_sensor_controller.a(CyFlash.o)
                                0x2fc (size before relaxing)

.debug_loc
 *(.debug_loc)

.debug_macinfo
 *(.debug_macinfo)

.debug_ranges   0x00000000      0x5b8
 *(.debug_ranges)
 .debug_ranges  0x00000000       0x10 .\CortexM0\ARM_GCC_493\Debug\main.o
 .debug_ranges  0x00000010       0x38 .\CortexM0\ARM_GCC_493\Debug\Cm0Start.o
 .debug_ranges  0x00000048       0x40 .\CortexM0\ARM_GCC_493\Debug\IR_sensor_controller.a(cyfitter_cfg.o)
 .debug_ranges  0x00000088      0x220 .\CortexM0\ARM_GCC_493\Debug\IR_sensor_controller.a(CyLib.o)
 .debug_ranges  0x000002a8       0x60 .\CortexM0\ARM_GCC_493\Debug\IR_sensor_controller.a(I2C.o)
 .debug_ranges  0x00000308       0x40 .\CortexM0\ARM_GCC_493\Debug\IR_sensor_controller.a(I2C_EZI2C.o)
 .debug_ranges  0x00000348       0x10 .\CortexM0\ARM_GCC_493\Debug\IR_sensor_controller.a(I2C_EZI2C_INT.o)
 .debug_ranges  0x00000358       0x30 .\CortexM0\ARM_GCC_493\Debug\IR_sensor_controller.a(I2C_sda.o)
 .debug_ranges  0x00000388       0x30 .\CortexM0\ARM_GCC_493\Debug\IR_sensor_controller.a(I2C_scl.o)
 .debug_ranges  0x000003b8       0x98 .\CortexM0\ARM_GCC_493\Debug\IR_sensor_controller.a(ADC.o)
 .debug_ranges  0x00000450       0x10 .\CortexM0\ARM_GCC_493\Debug\IR_sensor_controller.a(ADC_INT.o)
 .debug_ranges  0x00000460       0x70 .\CortexM0\ARM_GCC_493\Debug\IR_sensor_controller.a(ADC_IRQ.o)
 .debug_ranges  0x000004d0       0x20 .\CortexM0\ARM_GCC_493\Debug\IR_sensor_controller.a(EEPROM.o)
 .debug_ranges  0x000004f0       0x18 .\CortexM0\ARM_GCC_493\Debug\IR_sensor_controller.a(Debug_LED_reg.o)
 .debug_ranges  0x00000508       0x88 .\CortexM0\ARM_GCC_493\Debug\IR_sensor_controller.a(LCD.o)
 .debug_ranges  0x00000590       0x28 .\CortexM0\ARM_GCC_493\Debug\IR_sensor_controller.a(CyFlash.o)

.comment        0x00000000       0x70
 .comment       0x00000000       0x70 .\CortexM0\ARM_GCC_493\Debug\main.o
                                 0x71 (size before relaxing)
 .comment       0x00000000       0x71 .\CortexM0\ARM_GCC_493\Debug\cybootloader.o
 .comment       0x00000000       0x71 .\CortexM0\ARM_GCC_493\Debug\cymetadata.o
 .comment       0x00000000       0x71 .\CortexM0\ARM_GCC_493\Debug\Cm0Start.o
 .comment       0x00000000       0x71 .\CortexM0\ARM_GCC_493\Debug\IR_sensor_controller.a(cyfitter_cfg.o)
 .comment       0x00000000       0x71 .\CortexM0\ARM_GCC_493\Debug\IR_sensor_controller.a(CyLib.o)
 .comment       0x00000000       0x71 .\CortexM0\ARM_GCC_493\Debug\IR_sensor_controller.a(I2C.o)
 .comment       0x00000000       0x71 .\CortexM0\ARM_GCC_493\Debug\IR_sensor_controller.a(I2C_EZI2C.o)
 .comment       0x00000000       0x71 .\CortexM0\ARM_GCC_493\Debug\IR_sensor_controller.a(I2C_EZI2C_INT.o)
 .comment       0x00000000       0x71 .\CortexM0\ARM_GCC_493\Debug\IR_sensor_controller.a(I2C_sda.o)
 .comment       0x00000000       0x71 .\CortexM0\ARM_GCC_493\Debug\IR_sensor_controller.a(I2C_scl.o)
 .comment       0x00000000       0x71 .\CortexM0\ARM_GCC_493\Debug\IR_sensor_controller.a(ADC.o)
 .comment       0x00000000       0x71 .\CortexM0\ARM_GCC_493\Debug\IR_sensor_controller.a(ADC_INT.o)
 .comment       0x00000000       0x71 .\CortexM0\ARM_GCC_493\Debug\IR_sensor_controller.a(ADC_IRQ.o)
 .comment       0x00000000       0x71 .\CortexM0\ARM_GCC_493\Debug\IR_sensor_controller.a(EEPROM.o)
 .comment       0x00000000       0x71 .\CortexM0\ARM_GCC_493\Debug\IR_sensor_controller.a(Debug_LED_reg.o)
 .comment       0x00000000       0x71 .\CortexM0\ARM_GCC_493\Debug\IR_sensor_controller.a(LCD.o)
 .comment       0x00000000       0x71 .\CortexM0\ARM_GCC_493\Debug\IR_sensor_controller.a(CyFlash.o)

.debug_weaknames
 *(.debug_weaknames)

.debug_funcnames
 *(.debug_funcnames)

.debug_typenames
 *(.debug_typenames)

.debug_varnames
 *(.debug_varnames)

.note.gnu.arm.ident
 *(.note.gnu.arm.ident)

.ARM.attributes
                0x00000000       0x28
 *(.ARM.attributes)
 .ARM.attributes
                0x00000000       0x1e c:/program files/cypress/psoc creator/3.3/psoc creator/import/gnu/arm/4.9.3/bin/../lib/gcc/arm-none-eabi/4.9.3/armv6-m/crti.o
 .ARM.attributes
                0x0000001e       0x2c c:/program files/cypress/psoc creator/3.3/psoc creator/import/gnu/arm/4.9.3/bin/../lib/gcc/arm-none-eabi/4.9.3/armv6-m/crtbegin.o
 .ARM.attributes
                0x0000004a       0x1b c:/program files/cypress/psoc creator/3.3/psoc creator/import/gnu/arm/4.9.3/bin/../lib/gcc/arm-none-eabi/4.9.3/../../../../arm-none-eabi/lib/armv6-m/crt0.o
 .ARM.attributes
                0x00000065       0x31 .\CortexM0\ARM_GCC_493\Debug\main.o
 .ARM.attributes
                0x00000096       0x31 .\CortexM0\ARM_GCC_493\Debug\cybootloader.o
 .ARM.attributes
                0x000000c7       0x31 .\CortexM0\ARM_GCC_493\Debug\cymetadata.o
 .ARM.attributes
                0x000000f8       0x31 .\CortexM0\ARM_GCC_493\Debug\Cm0Start.o
 .ARM.attributes
                0x00000129       0x31 .\CortexM0\ARM_GCC_493\Debug\IR_sensor_controller.a(cyfitter_cfg.o)
 .ARM.attributes
                0x0000015a       0x31 .\CortexM0\ARM_GCC_493\Debug\IR_sensor_controller.a(CyLib.o)
 .ARM.attributes
                0x0000018b       0x31 .\CortexM0\ARM_GCC_493\Debug\IR_sensor_controller.a(I2C.o)
 .ARM.attributes
                0x000001bc       0x31 .\CortexM0\ARM_GCC_493\Debug\IR_sensor_controller.a(I2C_EZI2C.o)
 .ARM.attributes
                0x000001ed       0x31 .\CortexM0\ARM_GCC_493\Debug\IR_sensor_controller.a(I2C_EZI2C_INT.o)
 .ARM.attributes
                0x0000021e       0x31 .\CortexM0\ARM_GCC_493\Debug\IR_sensor_controller.a(I2C_sda.o)
 .ARM.attributes
                0x0000024f       0x31 .\CortexM0\ARM_GCC_493\Debug\IR_sensor_controller.a(I2C_scl.o)
 .ARM.attributes
                0x00000280       0x31 .\CortexM0\ARM_GCC_493\Debug\IR_sensor_controller.a(ADC.o)
 .ARM.attributes
                0x000002b1       0x31 .\CortexM0\ARM_GCC_493\Debug\IR_sensor_controller.a(ADC_INT.o)
 .ARM.attributes
                0x000002e2       0x31 .\CortexM0\ARM_GCC_493\Debug\IR_sensor_controller.a(ADC_IRQ.o)
 .ARM.attributes
                0x00000313       0x31 .\CortexM0\ARM_GCC_493\Debug\IR_sensor_controller.a(EEPROM.o)
 .ARM.attributes
                0x00000344       0x31 .\CortexM0\ARM_GCC_493\Debug\IR_sensor_controller.a(Debug_LED_reg.o)
 .ARM.attributes
                0x00000375       0x31 .\CortexM0\ARM_GCC_493\Debug\IR_sensor_controller.a(LCD.o)
 .ARM.attributes
                0x000003a6       0x21 .\CortexM0\ARM_GCC_493\Debug\IR_sensor_controller.a(CyBootAsmGnu.o)
 .ARM.attributes
                0x000003c7       0x31 .\CortexM0\ARM_GCC_493\Debug\IR_sensor_controller.a(CyFlash.o)
 .ARM.attributes
                0x000003f8       0x1e c:/program files/cypress/psoc creator/3.3/psoc creator/import/gnu/arm/4.9.3/bin/../lib/gcc/arm-none-eabi/4.9.3/armv6-m\libgcc.a(_udivsi3.o)
 .ARM.attributes
                0x00000416       0x1e c:/program files/cypress/psoc creator/3.3/psoc creator/import/gnu/arm/4.9.3/bin/../lib/gcc/arm-none-eabi/4.9.3/armv6-m\libgcc.a(_divsi3.o)
 .ARM.attributes
                0x00000434       0x1e c:/program files/cypress/psoc creator/3.3/psoc creator/import/gnu/arm/4.9.3/bin/../lib/gcc/arm-none-eabi/4.9.3/armv6-m\libgcc.a(_dvmd_tls.o)
 .ARM.attributes
                0x00000452       0x1e c:/program files/cypress/psoc creator/3.3/psoc creator/import/gnu/arm/4.9.3/bin/../lib/gcc/arm-none-eabi/4.9.3/armv6-m\libgcc.a(_aeabi_ldivmod.o)
 .ARM.attributes
                0x00000470       0x2c c:/program files/cypress/psoc creator/3.3/psoc creator/import/gnu/arm/4.9.3/bin/../lib/gcc/arm-none-eabi/4.9.3/armv6-m\libgcc.a(_muldi3.o)
 .ARM.attributes
                0x0000049c       0x2c c:/program files/cypress/psoc creator/3.3/psoc creator/import/gnu/arm/4.9.3/bin/../lib/gcc/arm-none-eabi/4.9.3/armv6-m\libgcc.a(bpabi.o)
 .ARM.attributes
                0x000004c8       0x2c c:/program files/cypress/psoc creator/3.3/psoc creator/import/gnu/arm/4.9.3/bin/../lib/gcc/arm-none-eabi/4.9.3/armv6-m\libgcc.a(divsf3.o)
 .ARM.attributes
                0x000004f4       0x2c c:/program files/cypress/psoc creator/3.3/psoc creator/import/gnu/arm/4.9.3/bin/../lib/gcc/arm-none-eabi/4.9.3/armv6-m\libgcc.a(mulsf3.o)
 .ARM.attributes
                0x00000520       0x2c c:/program files/cypress/psoc creator/3.3/psoc creator/import/gnu/arm/4.9.3/bin/../lib/gcc/arm-none-eabi/4.9.3/armv6-m\libgcc.a(floatsisf.o)
 .ARM.attributes
                0x0000054c       0x1e c:/program files/cypress/psoc creator/3.3/psoc creator/import/gnu/arm/4.9.3/bin/../lib/gcc/arm-none-eabi/4.9.3/armv6-m\libgcc.a(_clzsi2.o)
 .ARM.attributes
                0x0000056a       0x2c c:/program files/cypress/psoc creator/3.3/psoc creator/import/gnu/arm/4.9.3/bin/../lib/gcc/arm-none-eabi/4.9.3/armv6-m\libgcc.a(_divdi3.o)
 .ARM.attributes
                0x00000596       0x2c c:/program files/cypress/psoc creator/3.3/psoc creator/import/gnu/arm/4.9.3/bin/../lib/gcc/arm-none-eabi/4.9.3/armv6-m\libgcc.a(_udivdi3.o)
 .ARM.attributes
                0x000005c2       0x1e c:/program files/cypress/psoc creator/3.3/psoc creator/import/gnu/arm/4.9.3/bin/../lib/gcc/arm-none-eabi/4.9.3/armv6-m\libgcc.a(_clzdi2.o)
 .ARM.attributes
                0x000005e0       0x2c c:/program files/cypress/psoc creator/3.3/psoc creator/import/gnu/arm/4.9.3/bin/../lib/gcc/arm-none-eabi/4.9.3/../../../../arm-none-eabi/lib/armv6-m\libg_nano.a(lib_a-errno.o)
 .ARM.attributes
                0x0000060c       0x2c c:/program files/cypress/psoc creator/3.3/psoc creator/import/gnu/arm/4.9.3/bin/../lib/gcc/arm-none-eabi/4.9.3/../../../../arm-none-eabi/lib/armv6-m\libg_nano.a(lib_a-exit.o)
 .ARM.attributes
                0x00000638       0x2c c:/program files/cypress/psoc creator/3.3/psoc creator/import/gnu/arm/4.9.3/bin/../lib/gcc/arm-none-eabi/4.9.3/../../../../arm-none-eabi/lib/armv6-m\libg_nano.a(lib_a-impure.o)
 .ARM.attributes
                0x00000664       0x2c c:/program files/cypress/psoc creator/3.3/psoc creator/import/gnu/arm/4.9.3/bin/../lib/gcc/arm-none-eabi/4.9.3/../../../../arm-none-eabi/lib/armv6-m\libg_nano.a(lib_a-init.o)
 .ARM.attributes
                0x00000690       0x2c c:/program files/cypress/psoc creator/3.3/psoc creator/import/gnu/arm/4.9.3/bin/../lib/gcc/arm-none-eabi/4.9.3/../../../../arm-none-eabi/lib/armv6-m\libg_nano.a(lib_a-memcpy.o)
 .ARM.attributes
                0x000006bc       0x2c c:/program files/cypress/psoc creator/3.3/psoc creator/import/gnu/arm/4.9.3/bin/../lib/gcc/arm-none-eabi/4.9.3/../../../../arm-none-eabi/lib/armv6-m\libg_nano.a(lib_a-memset.o)
 .ARM.attributes
                0x000006e8       0x2c c:/program files/cypress/psoc creator/3.3/psoc creator/import/gnu/arm/4.9.3/bin/../lib/gcc/arm-none-eabi/4.9.3/../../../../arm-none-eabi/lib/armv6-m\libg_nano.a(lib_a-sprintf.o)
 .ARM.attributes
                0x00000714       0x2c c:/program files/cypress/psoc creator/3.3/psoc creator/import/gnu/arm/4.9.3/bin/../lib/gcc/arm-none-eabi/4.9.3/../../../../arm-none-eabi/lib/armv6-m\libg_nano.a(lib_a-nano-svfprintf.o)
 .ARM.attributes
                0x00000740       0x2c c:/program files/cypress/psoc creator/3.3/psoc creator/import/gnu/arm/4.9.3/bin/../lib/gcc/arm-none-eabi/4.9.3/../../../../arm-none-eabi/lib/armv6-m\libg_nano.a(lib_a-nano-vfprintf_i.o)
 .ARM.attributes
                0x0000076c       0x2c c:/program files/cypress/psoc creator/3.3/psoc creator/import/gnu/arm/4.9.3/bin/../lib/gcc/arm-none-eabi/4.9.3/../../../../arm-none-eabi/lib/armv6-m\libg_nano.a(lib_a-memchr.o)
 .ARM.attributes
                0x00000798       0x2c c:/program files/cypress/psoc creator/3.3/psoc creator/import/gnu/arm/4.9.3/bin/../lib/gcc/arm-none-eabi/4.9.3/../../../../arm-none-eabi/lib/armv6-m\libg_nano.a(lib_a-memmove.o)
 .ARM.attributes
                0x000007c4       0x2c c:/program files/cypress/psoc creator/3.3/psoc creator/import/gnu/arm/4.9.3/bin/../lib/gcc/arm-none-eabi/4.9.3/../../../../arm-none-eabi/lib/armv6-m\libg_nano.a(lib_a-nano-freer.o)
 .ARM.attributes
                0x000007f0       0x2c c:/program files/cypress/psoc creator/3.3/psoc creator/import/gnu/arm/4.9.3/bin/../lib/gcc/arm-none-eabi/4.9.3/../../../../arm-none-eabi/lib/armv6-m\libg_nano.a(lib_a-nano-mallocr.o)
 .ARM.attributes
                0x0000081c       0x2c c:/program files/cypress/psoc creator/3.3/psoc creator/import/gnu/arm/4.9.3/bin/../lib/gcc/arm-none-eabi/4.9.3/../../../../arm-none-eabi/lib/armv6-m\libg_nano.a(lib_a-nano-reallocr.o)
 .ARM.attributes
                0x00000848       0x2c c:/program files/cypress/psoc creator/3.3/psoc creator/import/gnu/arm/4.9.3/bin/../lib/gcc/arm-none-eabi/4.9.3/../../../../arm-none-eabi/lib/armv6-m\libg_nano.a(lib_a-sbrkr.o)
 .ARM.attributes
                0x00000874       0x2c c:/program files/cypress/psoc creator/3.3/psoc creator/import/gnu/arm/4.9.3/bin/../lib/gcc/arm-none-eabi/4.9.3/../../../../arm-none-eabi/lib/armv6-m\libg_nano.a(lib_a-nano-msizer.o)
 .ARM.attributes
                0x000008a0       0x2c c:/program files/cypress/psoc creator/3.3/psoc creator/import/gnu/arm/4.9.3/bin/../lib/gcc/arm-none-eabi/4.9.3/../../../../arm-none-eabi/lib/armv6-m\libg_nano.a(lib_a-reent.o)
 .ARM.attributes
                0x000008cc       0x2c c:/program files/cypress/psoc creator/3.3/psoc creator/import/gnu/arm/4.9.3/bin/../lib/gcc/arm-none-eabi/4.9.3/armv6-m/crtend.o
 .ARM.attributes
                0x000008f8       0x1e c:/program files/cypress/psoc creator/3.3/psoc creator/import/gnu/arm/4.9.3/bin/../lib/gcc/arm-none-eabi/4.9.3/armv6-m/crtn.o

/DISCARD/
 *(.note.GNU-stack)
OUTPUT(.\CortexM0\ARM_GCC_493\Debug\IR_sensor_controller.elf elf32-littlearm)
